prisma/seed.ts(1,9): error TS2451: Cannot redeclare block-scoped variable 'PrismaClient'.
prisma/seed.ts(3,7): error TS2451: Cannot redeclare block-scoped variable 'prisma'.
reset-db.ts(1,9): error TS2451: Cannot redeclare block-scoped variable 'PrismaClient'.
reset-db.ts(3,7): error TS2451: Cannot redeclare block-scoped variable 'prisma'.
